../Core/Src/main.c:77:5:main	48	static
../Core/Src/main.c:153:6:SystemClock_Config	88	static
../Core/Src/main.c:199:13:MX_SPI1_Init	8	static
../Core/Src/main.c:237:13:MX_TIM1_Init	32	static
../Core/Src/main.c:283:13:MX_TIM2_Init	32	static
../Core/Src/main.c:328:13:MX_TIM3_Init	32	static
../Core/Src/main.c:373:13:MX_GPIO_Init	64	static
../Core/Src/main.c:455:6:StartDefaultTask	16	static
../Core/Src/main.c:476:6:HAL_TIM_PeriodElapsedCallback	16	static
../Core/Src/main.c:493:6:Error_Handler	4	static,ignoring_inline_asm
