main.c:86:6:mg_random	24	static
main.c:92:10:mg_millis	8	static
main.c:105:5:main	8	static
main.c:189:6:SystemClock_Config	88	static
main.c:233:13:MX_SPI1_Init	8	static
main.c:271:13:MX_TIM1_Init	32	static
main.c:317:13:MX_TIM2_Init	32	static
main.c:362:13:MX_USART1_UART_Init	8	static
main.c:393:13:MX_DMA_Init	16	static
main.c:414:13:MX_GPIO_Init	64	static
main.c:497:6:dns_callback	32	static
main.c:511:6:StartDefaultTask	16	static
main.c:541:6:HAL_TIM_PeriodElapsedCallback	16	static
main.c:560:6:Error_Handler	4	static,ignoring_inline_asm
