../Core/Src/stm32f4xx_it.c:74:6:NMI_Handler	4	static
../Core/Src/stm32f4xx_it.c:89:6:HardFault_Handler	4	static
../Core/Src/stm32f4xx_it.c:104:6:MemManage_Handler	4	static
../Core/Src/stm32f4xx_it.c:119:6:BusFault_Handler	4	static
../Core/Src/stm32f4xx_it.c:134:6:UsageFault_Handler	4	static
../Core/Src/stm32f4xx_it.c:149:6:DebugMon_Handler	4	static
../Core/Src/stm32f4xx_it.c:169:6:TIM1_BRK_TIM9_IRQHandler	8	static
../Core/Src/stm32f4xx_it.c:183:6:TIM1_UP_TIM10_IRQHandler	8	static
../Core/Src/stm32f4xx_it.c:197:6:TIM1_TRG_COM_TIM11_IRQHandler	8	static
../Core/Src/stm32f4xx_it.c:211:6:TIM1_CC_IRQHandler	8	static
../Core/Src/stm32f4xx_it.c:225:6:TIM2_IRQHandler	8	static
../Core/Src/stm32f4xx_it.c:239:6:TIM3_IRQHandler	8	static
../Core/Src/stm32f4xx_it.c:253:6:TIM6_DAC_IRQHandler	8	static
../Core/Src/stm32f4xx_it.c:267:6:ETH_IRQHandler	8	static
